apps/game-engine-host/tsconfig.json(3,3): error TS5090: Non-relative paths are not allowed when 'baseUrl' is not set. Did you forget a leading './'?
